[www.ellipsonic.com/index.html]
[backblue.gif]
[fade.gif]
[index.html]
[www.ellipsonic.com/favicon.ico]
[www.ellipsonic.com/css/bootstrap.min.css]
[www.ellipsonic.com/css/font-awesome.min.css]
[www.ellipsonic.com/skills.html]
[www.ellipsonic.com/css/style.css]
[www.ellipsonic.com/about.html]
[www.ellipsonic.com/careers.html]
[www.ellipsonic.com/contact.html]
[www.ellipsonic.com/images/skills/Web.png]
[www.ellipsonic.com/images/skills/Database.png]
[www.ellipsonic.com/images/skills/Analytics.png]
[www.ellipsonic.com/images/skills/Content.png]
[www.ellipsonic.com/images/skills/MultipleDevices.png]
[www.ellipsonic.com/images/skills/SatelliteSendingSignal.png]
[www.ellipsonic.com/images/logo-footer.png]
[www.ellipsonic.com/index-2.html]
[cdnjs.cloudflare.com/ajax/libs/jquery-mousewheel/3.1.12/jquery.mousewheel.min.js]
[www.ellipsonic.com/js/jquery-1.11.1.min.js]
[www.ellipsonic.com/js/jquery.mapael.js]
[cdnjs.cloudflare.com/ajax/libs/jquery/2.1.1/jquery.min.js]
[cdnjs.cloudflare.com/ajax/libs/raphael/2.1.2/raphael-min.js]
[www.ellipsonic.com/js/examples.js]
[www.ellipsonic.com/js/usa_states.js]
[www.ellipsonic.com/js/world_countries.js]
[www.ellipsonic.com/js/custom.js]
[www.google-analytics.com/analytics.js]
[www.ellipsonic.com/index.html]
[www.ellipsonic.com/fonts/glyphicons-halflings-regular.eot]
[www.ellipsonic.com/fonts/glyphicons-halflings-regulard41d.eot]
[www.ellipsonic.com/js/france_departments.js]
[www.ellipsonic.com/fonts/glyphicons-halflings-regular.woff]
[www.ellipsonic.com/fonts/glyphicons-halflings-regular.ttf]
[www.ellipsonic.com/fonts/glyphicons-halflings-regular.svg]
[www.ellipsonic.com/css/bootstrap.min.css]
[www.ellipsonic.com/css/fonts/fontawesome-webfont78ce.eot]
[www.ellipsonic.com/css/fonts/fontawesome-webfontd41d.eot]
[www.ellipsonic.com/js/plugins.js]
[www.ellipsonic.com/css/font-awesome.min.css]
[www.ellipsonic.com/images/fancybox/fancybox_sprite.png]
[www.ellipsonic.com/images/fancybox/fancybox_loading.gif]
[www.ellipsonic.com/css/images/fancybox/blank.gif]
[www.ellipsonic.com/css/images/fancybox/fancybox_overlay.png]
[www.ellipsonic.com/css/images/fancybox/fancybox_sprite@2x.png]
[www.ellipsonic.com/css/fonts/fontawesome-webfont78ce.woff]
[www.ellipsonic.com/css/fonts/fontawesome-webfont78ce.ttf]
[www.ellipsonic.com/css/images/fancybox/fancybox_loading@2x.gif]
[www.ellipsonic.com/images/footer@2X.png]
[www.ellipsonic.com/images/boxed.png]
[www.ellipsonic.com/images/boxed@2X.png]
[www.ellipsonic.com/css/style.css]
[www.ellipsonic.com/images/backgrounds/green.jpg]
[www.ellipsonic.com/skills.html]
[www.ellipsonic.com/images/backgrounds/red.jpg]
[www.ellipsonic.com/images/philosophy.png]
[www.ellipsonic.com/images/team/sheetal.jpg]
[www.ellipsonic.com/images/team/priya.jpg]
[www.ellipsonic.com/images/team/divya.jpg]
[www.ellipsonic.com/images/team/iftikar_sir.jpg]
[www.ellipsonic.com/images/team/saquib.jpg]
[www.ellipsonic.com/images/team/prema.jpg]
[www.ellipsonic.com/images/team/baijayanthi.jpg]
[www.ellipsonic.com/images/team/bashirath.jpg]
[www.ellipsonic.com/images/team/suraj.jpg]
[www.ellipsonic.com/images/team/lovin.jpg]
[www.ellipsonic.com/images/team/shalini.jpg]
[www.ellipsonic.com/images/team/vikram.jpg]
[www.ellipsonic.com/images/team/sangeeth.jpg]
[www.ellipsonic.com/images/team/hemanth.jpg]
[www.ellipsonic.com/images/team/sharan.jpg]
[www.ellipsonic.com/images/team/eddie.jpg]
[www.ellipsonic.com/images/team/varun.jpg]
[www.ellipsonic.com/images/team/person.jpg]
[www.ellipsonic.com/about.html]
[www.ellipsonic.com/images/logo-droid.png]
[www.ellipsonic.com/images/backgrounds/blue.jpg]
[www.ellipsonic.com/js/validator.min.js]
[www.ellipsonic.com/careers.html]
[www.ellipsonic.com/contact.html]
[www.ellipsonic.com/index-2.html]
[www.ellipsonic.com/fonts/glyphicons-halflings-regular.html]
[www.ellipsonic.com/fonts/glyphicons-halflings-regulard41d.html]
[www.ellipsonic.com/fonts/glyphicons-halflings-regular-2.html]
[www.ellipsonic.com/fonts/glyphicons-halflings-regular-3.html]
[www.ellipsonic.com/fonts/glyphicons-halflings-regular-4.html]
[www.ellipsonic.com/css/fonts/fontawesome-webfont78ce.svg]
[www.ellipsonic.com/css/images/breaker.svg]
[www.ellipsonic.com/css/images/breaker-bottom.svg]
[www.ellipsonic.com/css/images/fancybox/blank.html]
[www.ellipsonic.com/css/images/fancybox/fancybox_overlay.html]
[www.ellipsonic.com/css/images/fancybox/fancybox_sprite@2x.html]
[www.ellipsonic.com/css/images/fancybox/fancybox_loading@2x.html]
[www.ellipsonic.com/js/bootstrap.min.js]
[www.ellipsonic.com/images/footer.png]
[www.ellipsonic.com/images/logo-fixed-menu.png]
